main :: forall d. forall b. ((Bool + d) + b) = Inl (Inl True);
