main :: Int = (letfun f :: (Int -> Int) x = x) 1;
