main :: Int = let f :: forall a. forall c. (a -> c -> a) = (letfun f :: (a -> c -> a) x = (letfun g :: (c -> a) y = x));
              in let g :: forall f. (f -> Int) = f 10;
                 in g 3;
