main :: Int = let f :: (Int -> Int -> Int) = (letfun f :: (Int -> Int -> Int) x = (letfun g :: (Int -> Int) y = (*) x ((- y))));
              in let z :: forall h. (h -> Int -> Int) = (letfun z :: (h -> Int -> Int) x = f 3);
                 in z 2 4;
