main :: Int = if False
                 then (/) 49 0
                 else (/) 49 7;
