main :: ((Bool * Int) -> Int) = (letfun f :: ((Bool * Int) -> Int) x = if fst x
                                                                          then snd x
                                                                          else f ((True, 10)));
