main :: forall e. (Int + e) = if True
                                 then Inl 1
                                 else Inl 5;
