main :: (Int * (Int * Int) * Bool) = (1, ((1, 2), True));
