main :: (Int * Bool) = snd (((), fst (((7, True), ()))));
