main :: Int = fst ((if True
                       then 1
                       else 2, ()));
