main :: forall a. (a + Bool * Bool) = Inr ((True, False));
