main :: Int = let plus :: (Int -> Int -> Int) = (letfun g :: (Int -> Int -> Int) x = (letfun g' :: (Int -> Int) y = (+) x y));
              in let inc :: (Int -> Int) = (letfun g :: (Int -> Int) x = (+) x 1);
                 in let f :: (Int -> Int) = (letfun f :: (Int -> Int) x = if (==) x 10
                                                                             then 10
                                                                             else let y :: Int = f ((+) x 1);
                                                                                  in plus let z :: Int = 4;
                                                                                          in inc z y);
                    in f ((- 1003));
