main :: (Int -> Int) = (letfun f :: (Int -> Int) x = if (==) x 0
                                                        then 0
                                                        else f ((-) x 1));
