main :: forall g. forall b. ((() * Int + g) + b) = Inl (((), Inl 3));
